<p>Branches
$IsFirstBranch is true
</p><p>

</p><p>
The answer to the above equation is: 65.97339.
</p><p>
The value is one The value is two The value is three The value is four The value is five The value is six 
</p>
