<p>

</p>
fubar = 65.97339
fubar = 65.97339 and don&#39;t you forget it! 