<div>
There should be &quot;three&quot; printed here:
 three
</div>
