<div>
one, two, three, four, five and sex


Entry: one

Entry: two

Entry: three

Entry: four

Entry: five

Entry: sex

</div>
