<div>
3 = 3
-340 = -333
-176.769259575 = -169.783926
3 = 3
13 = 13
-5.75 = -5.75
-9 = -9
</div>
