<div>
This should be &quot;three&quot;: three
This should also be &quot;three&quot;: three
</div>
