<div>
<strong>This should be five:</strong> five
</div>
