This<br/>
is<br/>
literal<br/>
text<br/>
showing<br/>
macro<br/>
.<br/>
This<br/>
is<br/>
also<br/>
literal<br/>
text:<br/>
<br/>
all<br/>
surrounded<br/>
with<br/>
back-tics<br/>
like<br/>
this  